Running Gradle task 'assembleRelease'...                        
flutter : lib/screens/teac
her_dashboard_screen.dart:
469:9: Error: Expected a 
class member, but got ']'.
At line:1 char:1
+ flutter build apk > 
build_output.txt 2>&1
+ ~~~~~~~~~~~~~~~~~~~~~~~~
~~~~~~~~~~~~~~~~~
    + CategoryInfo        
      : NotSpecified: (l  
  ib/screens/tea...r, b   
 ut got ']'.:String) [    
], RemoteException
    + FullyQualifiedError 
   Id : NativeCommandErr  
  or
 
        ],
        ^
lib/screens/teacher_dashbo
ard_screen.dart:469:10: 
Error: Expected a class 
member, but got ','.
        ],
         ^
lib/screens/teacher_dashbo
ard_screen.dart:470:7: 
Error: Expected a class 
member, but got ')'.
      ),
      ^
lib/screens/teacher_dashbo
ard_screen.dart:470:8: 
Error: Expected a class 
member, but got ','.
      ),
       ^
lib/screens/teacher_dashbo
ard_screen.dart:471:5: 
Error: Expected a class 
member, but got ')'.
    
).animate().slideY(begin: 
-0.1).fadeIn();
    ^
lib/screens/teacher_dashbo
ard_screen.dart:471:6: 
Error: Expected a class 
member, but got '.'.
    
).animate().slideY(begin: 
-0.1).fadeIn();
     ^
lib/screens/teacher_dashbo
ard_screen.dart:471:16: 
Error: Expected '{' 
before this.
    
).animate().slideY(begin: 
-0.1).fadeIn();
               ^
lib/screens/teacher_dashbo
ard_screen.dart:471:16: 
Error: Expected a class 
member, but got '.'.
    
).animate().slideY(begin: 
-0.1).fadeIn();
               ^
lib/screens/teacher_dashbo
ard_screen.dart:471:29: 
Error: Non-optional 
parameters can't have a 
default value.
Try removing the default 
value or making the 
parameter optional.
    
).animate().slideY(begin: 
-0.1).fadeIn();
                          
  ^
lib/screens/teacher_dashbo
ard_screen.dart:471:36: 
Error: Expected '{' 
before this.
    
).animate().slideY(begin: 
-0.1).fadeIn();
                          
         ^
lib/screens/teacher_dashbo
ard_screen.dart:471:36: 
Error: Expected a class 
member, but got '.'.
    
).animate().slideY(begin: 
-0.1).fadeIn();
                          
         ^
lib/screens/teacher_dashbo
ard_screen.dart:1273:1: 
Error: Expected a 
declaration, but got '}'.
}
^
lib/screens/teacher_dashbo
ard_screen.dart:131:7: 
Error: The non-abstract 
class 
'_TeacherHomeTabState' is 
missing implementations 
for these members:
 - State.build
 - _TeacherHomeTabState.fa
deIn
Try to either
 - provide an 
implementation,
 - inherit an 
implementation from a 
superclass or mixin,
 - mark the class as 
abstract, or
 - provide a 
'noSuchMethod' 
implementation.
class 
_TeacherHomeTabState 
extends 
State<_TeacherHomeTab> {
      ^^^^^^^^^^^^^^^^^^^^
/C:/flutter/flutter/packag
es/flutter/lib/src/widgets
/framework.dart:1461:10: 
Context: 'State.build' is 
defined here.
  Widget 
build(BuildContext 
context);
         ^^^^^
lib/screens/teacher_dashbo
ard_screen.dart:471:37: 
Context: '_TeacherHomeTabS
tate.fadeIn' is defined 
here.
    
).animate().slideY(begin: 
-0.1).fadeIn();
                          
          ^^^^^^
lib/services/app_state_ser
vice.dart:52:74: Error: 
The getter 'active' isn't 
defined for the type 
'AttendanceSession'.
 - 'AttendanceSession' is 
from 'package:secure_atten
dance/models/session_model
.dart' ('lib/models/sessio
n_model.dart').
Try correcting the name 
to the name of an 
existing getter, or 
defining a getter or 
field named 'active'.
  bool get 
hasActiveSession => 
_activeSession != null && 
_activeSession!.active;
                          
                          
                     
^^^^^^
lib/screens/security_verif
ication_screen.dart:157:27
: Error: The getter 
'SaAdminService' isn't 
defined for the type '_Sec
urityVerificationScreenSta
te'.
 - '_SecurityVerificationS
creenState' is from 'packa
ge:secure_attendance/scree
ns/security_verification_s
creen.dart' ('lib/screens/
security_verification_scre
en.dart').
Try correcting the name 
to the name of an 
existing getter, or 
defining a getter or 
field named 
'SaAdminService'.
    final blocked = await 
SaAdminService.isStudentBl
ocked('CSE001'); // 
Simulating CSE001 for now
                          
^^^^^^^^^^^^^^
lib/screens/security_verif
ication_screen.dart:171:91
: Error: Not a constant 
expression.
     final result = await 
Navigator.push(context, Ma
terialPageRoute(builder: 
(_) => const 
QrScannerScreen()));
                          
                          
                          
            
^^^^^^^^^^^^^^^
lib/screens/security_verif
ication_screen.dart:187:18
: Error: The getter 
'SaAuditService' isn't 
defined for the type '_Sec
urityVerificationScreenSta
te'.
 - '_SecurityVerificationS
creenState' is from 'packa
ge:secure_attendance/scree
ns/security_verification_s
creen.dart' ('lib/screens/
security_verification_scre
en.dart').
Try correcting the name 
to the name of an 
existing getter, or 
defining a getter or 
field named 
'SaAuditService'.
           await SaAuditSe
rvice.logAction(userId: 
_currentFingerprint, 
action: 'Invalid Scan 
Attempt', newValue: 
verification['error']);
                 
^^^^^^^^^^^^^^
lib/screens/security_verif
ication_screen.dart:203:79
: Error: No named 
parameter with the name 
'textAlign'.
             const 
Text('Verified via 15s 
Secure LAN Token', style: 
TextStyle(textAlign: 
TextAlign.center, 
fontSize: 12, color: 
Colors.grey)),
                          
                          
                          
^^^^^^^^^
/C:/flutter/flutter/packag
es/flutter/lib/src/paintin
g/text_style.dart:480:9: 
Context: Found this 
candidate, but the 
arguments don't match.
  const TextStyle({
        ^^^^^^^^^
lib/screens/security_verif
ication_screen.dart:374:26
: Error: The method 
'animate' isn't defined 
for the type 'Text'.
 - 'Text' is from 'package
:flutter/src/widgets/text.
dart' ('/C:/flutter/flutte
r/packages/flutter/lib/src
/widgets/text.dart').
Try correcting the name 
to the name of an 
existing method, or 
defining a method named 
'animate'.
                        
.animate()
                         
^^^^^^^
lib/screens/security_verif
ication_screen.dart:375:47
: Error: The getter 'ms' 
isn't defined for the 
type 'int'.
Try correcting the name 
to the name of an 
existing getter, or 
defining a getter or 
field named 'ms'.
                        
.fadeIn(duration: 400.ms)
                          
                    ^^
lib/screens/security_verif
ication_screen.dart:381:45
: Error: The getter 'ms' 
isn't defined for the 
type 'int'.
Try correcting the name 
to the name of an 
existing getter, or 
defining a getter or 
field named 'ms'.
                        
.animate(delay: 100.ms)
                          
                  ^^
lib/screens/security_verif
ication_screen.dart:381:26
: Error: The method 
'animate' isn't defined 
for the type 'Text'.
 - 'Text' is from 'package
:flutter/src/widgets/text.
dart' ('/C:/flutter/flutte
r/packages/flutter/lib/src
/widgets/text.dart').
Try correcting the name 
to the name of an 
existing method, or 
defining a method named 
'animate'.
                        
.animate(delay: 100.ms)
                         
^^^^^^^
lib/screens/security_verif
ication_screen.dart:469:9:
 Error: The method 
'animate' isn't defined 
for the type 'Container'.
 - 'Container' is from 'pa
ckage:flutter/src/widgets/
container.dart' ('/C:/flut
ter/flutter/packages/flutt
er/lib/src/widgets/contain
er.dart').
Try correcting the name 
to the name of an 
existing method, or 
defining a method named 
'animate'.
      ).animate().fadeIn(d
uration: 400.ms);
        ^^^^^^^
lib/screens/security_verif
ication_screen.dart:469:40
: Error: The getter 'ms' 
isn't defined for the 
type 'int'.
Try correcting the name 
to the name of an 
existing getter, or 
defining a getter or 
field named 'ms'.
      ).animate().fadeIn(d
uration: 400.ms);
                          
             ^^
lib/screens/security_verif
ication_screen.dart:524:7:
 Error: The method 
'animate' isn't defined 
for the type 'Container'.
 - 'Container' is from 'pa
ckage:flutter/src/widgets/
container.dart' ('/C:/flut
ter/flutter/packages/flutt
er/lib/src/widgets/contain
er.dart').
Try correcting the name 
to the name of an 
existing method, or 
defining a method named 
'animate'.
    ).animate().fadeIn(dur
ation: 
400.ms).scale(begin: 
const Offset(0.95, 0.95));
      ^^^^^^^
lib/screens/security_verif
ication_screen.dart:524:38
: Error: The getter 'ms' 
isn't defined for the 
type 'int'.
Try correcting the name 
to the name of an 
existing getter, or 
defining a getter or 
field named 'ms'.
    ).animate().fadeIn(dur
ation: 
400.ms).scale(begin: 
const Offset(0.95, 0.95));
                          
           ^^
lib/screens/security_verif
ication_screen.dart:633:10
: Error: The method 
'animate' isn't defined 
for the type 
'AnimatedContainer'.
 - 'AnimatedContainer' is 
from 'package:flutter/src/
widgets/implicit_animation
s.dart' ('/C:/flutter/flut
ter/packages/flutter/lib/s
rc/widgets/implicit_animat
ions.dart').
Try correcting the name 
to the name of an 
existing method, or 
defining a method named 
'animate'.
        .animate(delay: 
Duration(milliseconds: 80 
* index))
         ^^^^^^^
lib/screens/security_verif
ication_screen.dart:634:31
: Error: The getter 'ms' 
isn't defined for the 
type 'int'.
Try correcting the name 
to the name of an 
existing getter, or 
defining a getter or 
field named 'ms'.
        .fadeIn(duration: 
400.ms)
                          
    ^^
lib/screens/security_verif
ication_screen.dart:658:7:
 Error: The method 
'animate' isn't defined 
for the type 
'AnimatedContainer'.
 - 'AnimatedContainer' is 
from 'package:flutter/src/
widgets/implicit_animation
s.dart' ('/C:/flutter/flut
ter/packages/flutter/lib/s
rc/widgets/implicit_animat
ions.dart').
Try correcting the name 
to the name of an 
existing method, or 
defining a method named 
'animate'.
    ).animate().scale(
      ^^^^^^^
lib/screens/security_verif
ication_screen.dart:659:50
: Error: The getter 'ms' 
isn't defined for the 
type 'int'.
Try correcting the name 
to the name of an 
existing getter, or 
defining a getter or 
field named 'ms'.
        begin: const 
Offset(0, 0), duration: 
400.ms, curve: 
Curves.elasticOut);
                          
                       ^^
lib/screens/security_verif
ication_screen.dart:684:26
: Error: The getter 'ms' 
isn't defined for the 
type 'int'.
Try correcting the name 
to the name of an 
existing getter, or 
defining a getter or 
field named 'ms'.
    ).animate(delay: 
400.ms).fadeIn();
                         
^^
lib/screens/security_verif
ication_screen.dart:684:7:
 Error: The method 
'animate' isn't defined 
for the type 'Container'.
 - 'Container' is from 'pa
ckage:flutter/src/widgets/
container.dart' ('/C:/flut
ter/flutter/packages/flutt
er/lib/src/widgets/contain
er.dart').
Try correcting the name 
to the name of an 
existing method, or 
defining a method named 
'animate'.
    ).animate(delay: 
400.ms).fadeIn();
      ^^^^^^^
lib/screens/security_verif
ication_screen.dart:769:8:
 Error: The method 
'animate' isn't defined 
for the type 'Column'.
 - 'Column' is from 'packa
ge:flutter/src/widgets/bas
ic.dart' ('/C:/flutter/flu
tter/packages/flutter/lib/
src/widgets/basic.dart').
Try correcting the name 
to the name of an 
existing method, or 
defining a method named 
'animate'.
    ]).animate().fadeIn(de
lay: 200.ms);
       ^^^^^^^
lib/screens/security_verif
ication_screen.dart:769:36
: Error: The getter 'ms' 
isn't defined for the 
type 'int'.
Try correcting the name 
to the name of an 
existing getter, or 
defining a getter or 
field named 'ms'.
    ]).animate().fadeIn(de
lay: 200.ms);
                          
         ^^
lib/screens/security_verif
ication_screen.dart:791:7:
 Error: The method 
'animate' isn't defined 
for the type 'Container'.
 - 'Container' is from 'pa
ckage:flutter/src/widgets/
container.dart' ('/C:/flut
ter/flutter/packages/flutt
er/lib/src/widgets/contain
er.dart').
Try correcting the name 
to the name of an 
existing method, or 
defining a method named 
'animate'.
    
).animate().fadeIn(delay: 
200.ms);
      ^^^^^^^
lib/screens/security_verif
ication_screen.dart:791:35
: Error: The getter 'ms' 
isn't defined for the 
type 'int'.
Try correcting the name 
to the name of an 
existing getter, or 
defining a getter or 
field named 'ms'.
    
).animate().fadeIn(delay: 
200.ms);
                          
        ^^
lib/screens/security_verif
ication_screen.dart:1009:7
: Error: The method 
'animate' isn't defined 
for the type 'Container'.
 - 'Container' is from 'pa
ckage:flutter/src/widgets/
container.dart' ('/C:/flut
ter/flutter/packages/flutt
er/lib/src/widgets/contain
er.dart').
Try correcting the name 
to the name of an 
existing method, or 
defining a method named 
'animate'.
    
).animate().fadeIn(delay: 
300.ms).slideY(begin: 
0.15);
      ^^^^^^^
lib/screens/security_verif
ication_screen.dart:1009:3
5: Error: The getter 'ms' 
isn't defined for the 
type 'int'.
Try correcting the name 
to the name of an 
existing getter, or 
defining a getter or 
field named 'ms'.
    
).animate().fadeIn(delay: 
300.ms).slideY(begin: 
0.15);
                          
        ^^
lib/services/ai_observer_s
ervice.dart:46:69: Error: 
The argument type 
'AttendanceSession' can't 
be assigned to the 
parameter type 
'AttendanceSessionModel'.
 - 'AttendanceSession' is 
from 'package:secure_atten
dance/models/session_model
.dart' ('lib/models/sessio
n_model.dart').
 - 
'AttendanceSessionModel' 
is from 'package:secure_at
tendance/models/attendance
_session_model.dart' ('lib
/models/attendance_session
_model.dart').
        final decision = A
IDecisionEngine.evaluateSe
ssionEndWarning(session);
                          
                          
                ^
lib/screens/teacher_dashbo
ard_screen.dart:444:8: 
Error: No named parameter 
with the name 
'durationMinutes'.
       durationMinutes: _a
ctiveSession!.durationMinu
tes,
       ^^^^^^^^^^^^^^^
lib/models/attendance_sess
ion_model.dart:20:3: 
Context: Found this 
candidate, but the 
arguments don't match.
  AttendanceSessionModel({
  ^^^^^^^^^^^^^^^^^^^^^^
lib/screens/teacher_dashbo
ard_screen.dart:503:9: 
Error: Undefined name 
'_activeSession'.
    if (_activeSession == 
null) return;
        ^^^^^^^^^^^^^^
lib/screens/teacher_dashbo
ard_screen.dart:504:40: 
Error: Undefined name 
'_activeSession'.
    await SessionService.e
xtendSession(_activeSessio
n!, mins);
                          
             
^^^^^^^^^^^^^^
lib/screens/teacher_dashbo
ard_screen.dart:505:5: 
Error: Method not found: 
'_loadData'.
    _loadData();
    ^^^^^^^^^
lib/screens/teacher_dashbo
ard_screen.dart:506:26: 
Error: Undefined name 
'context'.
    ScaffoldMessenger.of(c
ontext).showSnackBar(
                         
^^^^^^^
lib/screens/teacher_dashbo
ard_screen.dart:526:18: 
Error: Undefined name 
'_upcomingReminder'.
              '${_upcoming
Reminder!.subject} class 
starts in 10 minutes',
                 
^^^^^^^^^^^^^^^^^
lib/screens/teacher_dashbo
ard_screen.dart:559:28: 
Error: Undefined name 
'_currentSlot'.
          Text('You have 
${_currentSlot!.subject} (
${_currentSlot!.section}) 
now.',
                          
 ^^^^^^^^^^^^
lib/screens/teacher_dashbo
ard_screen.dart:559:54: 
Error: Undefined name 
'_currentSlot'.
          Text('You have 
${_currentSlot!.subject} (
${_currentSlot!.section}) 
now.',
                          
                          
 ^^^^^^^^^^^^
lib/screens/teacher_dashbo
ard_screen.dart:585:9: 
Error: Undefined name 
'_currentSlot'.
    if (_currentSlot == 
null) return;
        ^^^^^^^^^^^^
lib/screens/teacher_dashbo
ard_screen.dart:589:19: 
Error: Undefined name 
'_currentSlot'.
      department: 
_currentSlot!.department,
                  
^^^^^^^^^^^^
lib/screens/teacher_dashbo
ard_screen.dart:590:13: 
Error: Undefined name 
'_currentSlot'.
      year: 
_currentSlot!.year,
            ^^^^^^^^^^^^
lib/screens/teacher_dashbo
ard_screen.dart:591:16: 
Error: Undefined name 
'_currentSlot'.
      section: 
_currentSlot!.section,
               
^^^^^^^^^^^^
lib/screens/teacher_dashbo
ard_screen.dart:592:16: 
Error: Undefined name 
'_currentSlot'.
      subject: 
_currentSlot!.subject,
               
^^^^^^^^^^^^
lib/screens/teacher_dashbo
ard_screen.dart:595:5: 
Error: Method not found: 
'_loadData'.
    _loadData(); // 
refresh
    ^^^^^^^^^
lib/screens/teacher_dashbo
ard_screen.dart:599:9: 
Error: Undefined name 
'_activeSession'.
    if (_activeSession == 
null) return;
        ^^^^^^^^^^^^^^
lib/screens/teacher_dashbo
ard_screen.dart:600:37: 
Error: Undefined name 
'_activeSession'.
    await SessionService.e
ndSession(_activeSession!)
;
                          
          ^^^^^^^^^^^^^^
lib/screens/teacher_dashbo
ard_screen.dart:601:5: 
Error: Method not found: 
'_loadData'.
    _loadData();
    ^^^^^^^^^
lib/screens/teacher_dashbo
ard_screen.dart:602:26: 
Error: Undefined name 
'context'.
    ScaffoldMessenger.of(c
ontext).showSnackBar(
                         
^^^^^^^
lib/screens/teacher_dashbo
ard_screen.dart:610:20: 
Error: Undefined name 
'_recentSessions'.
    final atRisk = 
_recentSessions.where((s) 
=> s.presentPercentage < 
75).length;
                   
^^^^^^^^^^^^^^^
lib/screens/teacher_dashbo
ard_screen.dart:650:24: 
Error: Undefined name 
'_showGlobalRisk'.
                value: 
_showGlobalRisk,
                       
^^^^^^^^^^^^^^^
lib/screens/teacher_dashbo
ard_screen.dart:652:50: 
Error: Setter not found: 
'_showGlobalRisk'.
                
onChanged: (v) => 
setState(() => 
_showGlobalRisk = v),
                          
                       
^^^^^^^^^^^^^^^
lib/screens/teacher_dashbo
ard_screen.dart:652:35: 
Error: Method not found: 
'setState'.
                
onChanged: (v) => 
setState(() => 
_showGlobalRisk = v),
                          
        ^^^^^^^^
lib/screens/teacher_dashbo
ard_screen.dart:690:82: 
Error: Undefined name 
'_recentSessions'.
                        
Text('$atRisk students 
may fall below 75% 
threshold in ${_recentSess
ions.first.subject}.', 
                          
                          
                          
   ^^^^^^^^^^^^^^^
lib/screens/teacher_dashbo
ard_screen.dart:716:24: 
Error: Undefined name 
'_todaySchedule'.
            itemCount: 
_todaySchedule.length,
                       
^^^^^^^^^^^^^^
lib/screens/teacher_dashbo
ard_screen.dart:718:28: 
Error: Undefined name 
'_todaySchedule'.
              final slot 
= _todaySchedule[index];
                          
 ^^^^^^^^^^^^^^
lib/screens/teacher_dashbo
ard_screen.dart:814:23: 
Error: Undefined name 
'_activeSession'.
                  if 
(_activeSession != null) 
...[
                      
^^^^^^^^^^^^^^
lib/screens/teacher_dashbo
ard_screen.dart:815:21: 
Error: Method not found: 
'_buildActiveSessionCard'.
                    
_buildActiveSessionCard(),
                    
^^^^^^^^^^^^^^^^^^^^^^^
lib/screens/teacher_dashbo
ard_screen.dart:819:23: 
Error: Undefined name 
'_upcomingReminder'.
                  if 
(_upcomingReminder != 
null) ...[
                      
^^^^^^^^^^^^^^^^^
lib/screens/teacher_dashbo
ard_screen.dart:824:23: 
Error: Undefined name 
'_currentSlot'.
                  if 
(_currentSlot != null && 
_activeSession == null) 
...[
                      
^^^^^^^^^^^^
lib/screens/teacher_dashbo
ard_screen.dart:824:47: 
Error: Undefined name 
'_activeSession'.
                  if 
(_currentSlot != null && 
_activeSession == null) 
...[
                          
                    
^^^^^^^^^^^^^^
lib/screens/teacher_dashbo
ard_screen.dart:832:23: 
Error: Undefined name 
'_todaySchedule'.
                  if (_tod
aySchedule.isNotEmpty) 
...[
                      
^^^^^^^^^^^^^^
lib/screens/teacher_dashbo
ard_screen.dart:835:30: 
Error: Undefined name 
'_activeSession'.
                  ] else 
if (_activeSession == 
null && _currentSlot == 
null) ...[
                          
   ^^^^^^^^^^^^^^
lib/screens/teacher_dashbo
ard_screen.dart:835:56: 
Error: Undefined name 
'_currentSlot'.
                  ] else 
if (_activeSession == 
null && _currentSlot == 
null) ...[
                          
                          
   ^^^^^^^^^^^^
lib/screens/teacher_dashbo
ard_screen.dart:836:21: 
Error: Method not found: 
'_buildEmptyState'.
                    
_buildEmptyState(),
                    
^^^^^^^^^^^^^^^^
lib/screens/teacher_dashbo
ard_screen.dart:884:36: 
Error: Undefined name 
'_todaySessions'.
                          
value: '$_todaySessions',
                          
         ^^^^^^^^^^^^^^
lib/screens/teacher_dashbo
ard_screen.dart:904:36: 
Error: Undefined name 
'_avgAttendance'.
                          
value: '$_avgAttendance%',
                          
         ^^^^^^^^^^^^^^
lib/screens/teacher_dashbo
ard_screen.dart:923:23: 
Error: Method not found: 
'_loadData'.
                      
_loadData();
                      
^^^^^^^^^
lib/screens/teacher_dashbo
ard_screen.dart:1022:23: 
Error: Method not found: 
'setState'.
                      
setState(() {}); // 
refresh badge count
                      
^^^^^^^^
lib/screens/teacher_dashbo
ard_screen.dart:1085:27: 
Error: Undefined name 
'_recentSessions'.
                      if (
_recentSessions.isNotEmpty
)
                          
^^^^^^^^^^^^^^^
lib/screens/teacher_dashbo
ard_screen.dart:1087:40: 
Error: Undefined name 
'widget'.
                          
onTap: () => 
widget.onTabChange(1),
                          
             ^^^^^^
lib/screens/teacher_dashbo
ard_screen.dart:1099:23: 
Error: Undefined name 
'_recentSessions'.
                  if 
(_recentSessions.isEmpty)
                      
^^^^^^^^^^^^^^^
lib/screens/teacher_dashbo
ard_screen.dart:1120:24: 
Error: Undefined name 
'_recentSessions'.
                    ..._re
centSessions.asMap().entri
es.map((entry) {
                       
^^^^^^^^^^^^^^^
lib/screens/smart_attendan
ce_edit_screen.dart:282:26
: Error: The getter 
'studentName' isn't 
defined for the type 
'StudentAttendanceEntry'.
 - 
'StudentAttendanceEntry' 
is from 'package:secure_at
tendance/models/session_mo
del.dart' ('lib/models/ses
sion_model.dart').
Try correcting the name 
to the name of an 
existing getter, or 
defining a getter or 
field named 'studentName'.
                
Text(stu.studentName, 
style: const 
TextStyle(fontWeight: 
FontWeight.w600)),
                         
^^^^^^^^^^^
lib/screens/smart_attendan
ce_edit_screen.dart:283:26
: Error: The getter 
'studentId' isn't defined 
for the type 
'StudentAttendanceEntry'.
 - 
'StudentAttendanceEntry' 
is from 'package:secure_at
tendance/models/session_mo
del.dart' ('lib/models/ses
sion_model.dart').
Try correcting the name 
to the name of an 
existing getter, or 
defining a getter or 
field named 'studentId'.
                
Text(stu.studentId, 
style: const 
TextStyle(fontSize: 11, 
color: 
Color(0xFF94A3B8))),
                         
^^^^^^^^^
Target 
kernel_snapshot_program 
failed: Exception


FAILURE: Build failed 
with an exception.

* What went wrong:
Execution failed for task 
':app:compileFlutterBuildR
elease'.
> Process 'command 'C:\flu
tter\flutter\bin\flutter.b
at'' finished with 
non-zero exit value 1

* Try:
> Run with --stacktrace 
option to get the stack 
trace.
> Run with --info or 
--debug option to get 
more log output.
> Run with --scan to get 
full insights.
> Get more help at 
https://help.gradle.org.

BUILD FAILED in 28s
Running Gradle task 'assembleRelease'...                           29.2s
Gradle task 
assembleRelease failed 
with exit code 1
